// Jest Snapshot v1, https://goo.gl/fbAQLP

exports[`addresses should return kovan testnet addresses for networkId 42 1`] = `
Object {
  "BZx": "0x350cbbb706d1acd3bc9f920401e11db33c7e9c74",
  "BZxOracle": "0x5859d1b2b9bd6757e82bce6bc69bb03ffa611e60",
  "BZxTo0x": "0x3da8716483029e0ca72e97e9c5c432920d9bacd1",
  "BZxToken": "0xe8b6a7fa1976ba6c2d3dd81f063eb25d521186bb",
  "BZxVault": "0x93ebdf50a085fda6a1186b2bd52c9e1f045d3248",
  "EIP20": "",
  "OracleInterface": "",
  "OracleRegistry": "0x0000000000000000000000000000000000000000",
  "TestNetFaucet": "0x86bb133db6ba1adc6c664d0d8dc1b34b1a12921a",
  "TokenRegistry": "0x16962232ec2fad399f0d7bee5b8bc60c99991bc6",
  "TokenTransferProxy": "0x087eed4bc1ee3de49befbd66c662b434b15d49d4",
  "WETH": "0xd0a1e359811322d97991e03f863a0c30c2cf029c",
  "ZRXToken": "0x6ff6c0ff1d68b964901f986d4c9fa3ac68346570",
}
`;

exports[`addresses should return local testnet addresses for all other networkIds 1`] = `
Object {
  "BZx": "0x8726c7414ac023d23348326b47af3205185fd035",
  "BZxOracle": "0x0d8b0dd11f5d34ed41d556def5f841900d5b1c6b",
  "BZxTo0x": "0x32eecaf51dfea9618e9bc94e9fbfddb1bbdcba15",
  "BZxToken": "0x04b5dadd2c0d6a261bfafbc964e0cac48585def3",
  "BZxVault": "0xb7c9b454221e26880eb9c3101b3295ca7d8279ef",
  "EIP20": "",
  "OracleInterface": "",
  "OracleRegistry": "0x6000eca38b8b5bba64986182fe2a69c57f6b5414",
  "TestNetFaucet": "0x609acc8b356894a937fc58f3411f9528de96ecb1",
  "TestToken0": "0xb48e1b16829c7f5bd62b76cb878a6bb1c4625d7a",
  "TestToken1": "0xc4cc602a7345518d0b7a84049d4bc8575ebf3398",
  "TestToken2": "0xe704967449b57b2382b7fa482718748c13c63190",
  "TestToken3": "0xa4b3e1659c473623287b2cc13b194705cd792525",
  "TestToken4": "0x2c530e4ecc573f11bd72cf5fdf580d134d25f15f",
  "TestToken5": "0x72d5a2213bfe46df9fbda08e22f536ac6ca8907e",
  "TestToken6": "0x2ebb94cc79d7d0f1195300aaf191d118f53292a8",
  "TestToken7": "0x5315e44798395d4a952530d131249fe00f554565",
  "TestToken8": "0xdff540fe764855d3175dcfae9d91ae8aee5c6d6f",
  "TestToken9": "0xc1be2c0bb387aa13d5019a9c518e8bc93cb53360",
  "TokenRegistry": "0x8a063452f7df2614db1bca3a85ef35da40cf0835",
}
`;

exports[`addresses should return rinkeby testnet addresses for networkId 4 1`] = `
Object {
  "BZx": "0x5a5f9a466c4b43fd3eafab2c5d971168fbeb90b8",
  "BZxOracle": "0x014ede18fc693ca54838807aa9e7a26621ca0512",
  "BZxTo0x": "0x797350e9c7dc55d02142105d4a35dde8b9a4e2f6",
  "BZxToken": "0x14823db576c11e4a54ca9e01ca0b28b18d3d1187",
  "BZxVault": "0xe020ebe52e05247a504246526d371ab60ddb601a",
  "EIP20": "",
  "OracleInterace": "",
  "OracleRegistry": "0x2cf2e5f741cea951283524cd68126f2123881065",
  "TestNetFaucet": "0x1ce05b8e436af8be884c60a41127ca01a922ce3d",
  "TokenRegistry": "0x4db8a61f9cd0cf4998aa4612dd612ab4f4f5a730",
  "TokenTransferProxy": "0x4e9aad8184de8833365fea970cd9149372fdf1e6",
  "WETH": "0xc778417e063141139fce010982780140aa0cd5ab",
  "ZRXToken": "0xa8e9fa8f91e5ae138c74648c9c304f1c75003a8d",
}
`;
