// Jest Snapshot v1, https://goo.gl/fbAQLP

exports[`loanHealth getProfitOrLoss should retrieve profit or loss successfully 1`] = `
Object {
  "isProfit": false,
  "positionTokenAddress": "0xB48E1B16829C7f5Bd62B76cb878A6Bb1c4625D7A",
  "profitOrLoss": "0",
}
`;
