// Jest Snapshot v1, https://goo.gl/fbAQLP

exports[`trade tradePositionWithOracle should successfully trade position with oracle (Kyber) 1`] = `
Object {
  "0": "this is a random field",
  "1": "0xE36Ea790bc9d7AB70C55260C66D52b1eca985f84",
  "2": "50",
  "3": "25",
  "4": "50000000000000000000",
  "currentMarginAmount": "50000000000000000000",
  "initialMarginAmount": "50",
  "loanOrderHash": "this is a random field",
  "maintenanceMarginAmount": "25",
  "trader": "0xE36Ea790bc9d7AB70C55260C66D52b1eca985f84",
}
`;

exports[`trade tradePositionWithOracle should successfully trade position with oracle (Kyber) 2`] = `
Object {
  "0": "this is a random field",
  "1": "0xE36Ea790bc9d7AB70C55260C66D52b1eca985f84",
  "2": "0x4586649629F699f9A4B61D0e962DC3c9025Fe488",
  "3": "0xA4b3e1659c473623287b2cc13b194705cd792525",
  "4": "12300000000000000000",
  "5": "12300000000000000000",
  "destTokenAddress": "0xA4b3e1659c473623287b2cc13b194705cd792525",
  "destTokenAmount": "12300000000000000000",
  "loanOrderHash": "this is a random field",
  "sourceTokenAddress": "0x4586649629F699f9A4B61D0e962DC3c9025Fe488",
  "sourceTokenAmount": "12300000000000000000",
  "trader": "0xE36Ea790bc9d7AB70C55260C66D52b1eca985f84",
}
`;
